1 2 3 4 5 6 Trick 8 9 10 Treat 12 13 Trick 15 16 17 18 19 20 Trick Treat 23 24 25 26 27 Trick 29 30 31 32 Treat 34 Trick 36 37 38 39 40 41 Trick 43 Treat 45 46 47 48 Trick 50 51 52 53 54 Treat Trick 57 58 59 60 61 62 Trick 64 65 Treat 67 68 69 Trick 71 72 73 74 75 76 TrickOrTreat